// Jest Snapshot v1, https://goo.gl/fbAQLP

exports[`<Spinner /> Show loading component when isLoading true 1`] = `
<div>
  <div
    class="makeStyles-root-12"
  >
    <div
      class="MuiContainer-root makeStyles-container-13"
    >
      <div
        class="MuiBox-root MuiBox-root-14"
      >
        <div
          class="MuiCircularProgress-root MuiCircularProgress-colorPrimary MuiCircularProgress-indeterminate"
          role="progressbar"
          style="width: 100px; height: 100px;"
        >
          <svg
            class="MuiCircularProgress-svg"
            viewBox="22 22 44 44"
          >
            <circle
              class="MuiCircularProgress-circle MuiCircularProgress-circleIndeterminate"
              cx="44"
              cy="44"
              fill="none"
              r="20.2"
              stroke-width="3.6"
            />
          </svg>
        </div>
      </div>
    </div>
  </div>
</div>
`;
